// Jest Snapshot v1, https://goo.gl/fbAQLP

exports[`<Card /> renders as expected 1`] = `
<div
  className="Card"
>
  <button
    type="button"
  >
    delete
  </button>
  <h3>
    Card title
  </h3>
  <p>
    Card content
  </p>
</div>
`;
