// Jest Snapshot v1, https://goo.gl/fbAQLP

exports[`<List /> renders as expected 1`] = `
<section
  className="List"
>
  <header
    className="List-header"
  >
    <h2>
      Header
    </h2>
  </header>
  <div
    className="List-cards"
  >
    <button
      className="List-add-button"
      onClick={[Function]}
      type="submit"
    >
      + Add Random Card
    </button>
  </div>
</section>
`;
